(eval):1: no such file or directory: DEVELOPER_DIR=/Applications/Xcode.app/Contents/Developer
